2026-09-07T20:11:10.907+0000	connected to: mongodb://localhost/
2026-09-07T20:11:13.907+0000	[........................] companiesdb.companies	19.3MB/1.86GB (1.0%)
2026-09-07T20:11:16.907+0000	[........................] companiesdb.companies	35.3MB/1.86GB (1.9%)
2026-09-07T20:11:19.907+0000	[........................] companiesdb.companies	52.3MB/1.86GB (2.7%)
2026-09-07T20:11:22.907+0000	[........................] companiesdb.companies	69.8MB/1.86GB (3.7%)
2026-09-07T20:11:25.907+0000	[#.......................] companiesdb.companies	86.7MB/1.86GB (4.5%)
2026-09-07T20:11:28.907+0000	[#.......................] companiesdb.companies	104MB/1.86GB (5.5%)
2026-09-07T20:11:31.907+0000	[#.......................] companiesdb.companies	124MB/1.86GB (6.5%)
2026-09-07T20:11:34.907+0000	[#.......................] companiesdb.companies	142MB/1.86GB (7.5%)
2026-09-07T20:11:37.907+0000	[#.......................] companiesdb.companies	159MB/1.86GB (8.3%)
2026-09-07T20:11:40.905+0000	[##......................] companiesdb.companies	177MB/1.86GB (9.3%)
2026-09-07T20:11:43.905+0000	[##......................] companiesdb.companies	197MB/1.86GB (10.3%)
2026-09-07T20:11:46.905+0000	[##......................] companiesdb.companies	214MB/1.86GB (11.2%)
2026-09-07T20:11:49.905+0000	[##......................] companiesdb.companies	230MB/1.86GB (12.1%)
2026-09-07T20:11:52.905+0000	[###.....................] companiesdb.companies	249MB/1.86GB (13.0%)
2026-09-07T20:11:55.905+0000	[###.....................] companiesdb.companies	262MB/1.86GB (13.7%)
2026-09-07T20:11:58.905+0000	[###.....................] companiesdb.companies	278MB/1.86GB (14.6%)
2026-09-07T20:12:01.905+0000	[###.....................] companiesdb.companies	295MB/1.86GB (15.4%)
2026-09-07T20:12:04.905+0000	[###.....................] companiesdb.companies	311MB/1.86GB (16.3%)
2026-09-07T20:12:07.905+0000	[####....................] companiesdb.companies	328MB/1.86GB (17.2%)
2026-09-07T20:12:10.903+0000	[####....................] companiesdb.companies	345MB/1.86GB (18.1%)
2026-09-07T20:12:13.903+0000	[####....................] companiesdb.companies	362MB/1.86GB (18.9%)
2026-09-07T20:12:16.902+0000	[####....................] companiesdb.companies	379MB/1.86GB (19.9%)
2026-09-07T20:12:19.902+0000	[####....................] companiesdb.companies	395MB/1.86GB (20.7%)
2026-09-07T20:12:22.903+0000	[#####...................] companiesdb.companies	416MB/1.86GB (21.8%)
2026-09-07T20:12:25.903+0000	[#####...................] companiesdb.companies	435MB/1.86GB (22.8%)
2026-09-07T20:12:28.903+0000	[#####...................] companiesdb.companies	452MB/1.86GB (23.7%)
2026-09-07T20:12:31.902+0000	[#####...................] companiesdb.companies	470MB/1.86GB (24.6%)
2026-09-07T20:12:34.902+0000	[######..................] companiesdb.companies	488MB/1.86GB (25.6%)
2026-09-07T20:12:37.903+0000	[######..................] companiesdb.companies	507MB/1.86GB (26.6%)
2026-09-07T20:12:40.900+0000	[######..................] companiesdb.companies	525MB/1.86GB (27.5%)
2026-09-07T20:12:43.900+0000	[######..................] companiesdb.companies	542MB/1.86GB (28.4%)
2026-09-07T20:12:46.901+0000	[#######.................] companiesdb.companies	558MB/1.86GB (29.3%)
2026-09-07T20:12:49.900+0000	[#######.................] companiesdb.companies	575MB/1.86GB (30.2%)
2026-09-07T20:12:52.900+0000	[#######.................] companiesdb.companies	593MB/1.86GB (31.1%)
2026-09-07T20:12:55.901+0000	[#######.................] companiesdb.companies	609MB/1.86GB (31.9%)
2026-09-07T20:12:58.900+0000	[#######.................] companiesdb.companies	625MB/1.86GB (32.8%)
2026-09-07T20:13:01.901+0000	[########................] companiesdb.companies	642MB/1.86GB (33.6%)
2026-09-07T20:13:04.900+0000	[########................] companiesdb.companies	659MB/1.86GB (34.5%)
2026-09-07T20:13:07.900+0000	[########................] companiesdb.companies	676MB/1.86GB (35.4%)
2026-09-07T20:13:10.899+0000	[########................] companiesdb.companies	693MB/1.86GB (36.3%)
2026-09-07T20:13:13.898+0000	[########................] companiesdb.companies	710MB/1.86GB (37.2%)
2026-09-07T20:13:16.898+0000	[#########...............] companiesdb.companies	727MB/1.86GB (38.1%)
2026-09-07T20:13:19.898+0000	[#########...............] companiesdb.companies	745MB/1.86GB (39.0%)
2026-09-07T20:13:22.898+0000	[#########...............] companiesdb.companies	764MB/1.86GB (40.0%)
2026-09-07T20:13:25.898+0000	[#########...............] companiesdb.companies	781MB/1.86GB (40.9%)
2026-09-07T20:13:28.899+0000	[##########..............] companiesdb.companies	798MB/1.86GB (41.8%)
2026-09-07T20:13:31.898+0000	[##########..............] companiesdb.companies	815MB/1.86GB (42.7%)
2026-09-07T20:13:34.898+0000	[##########..............] companiesdb.companies	833MB/1.86GB (43.6%)
2026-09-07T20:13:37.898+0000	[##########..............] companiesdb.companies	850MB/1.86GB (44.5%)
2026-09-07T20:13:40.896+0000	[##########..............] companiesdb.companies	868MB/1.86GB (45.5%)
2026-09-07T20:13:43.896+0000	[###########.............] companiesdb.companies	887MB/1.86GB (46.5%)
2026-09-07T20:13:46.896+0000	[###########.............] companiesdb.companies	905MB/1.86GB (47.4%)
2026-09-07T20:13:49.896+0000	[###########.............] companiesdb.companies	922MB/1.86GB (48.3%)
2026-09-07T20:13:52.898+0000	[###########.............] companiesdb.companies	938MB/1.86GB (49.2%)
2026-09-07T20:13:55.897+0000	[###########.............] companiesdb.companies	948MB/1.86GB (49.7%)
2026-09-07T20:13:58.896+0000	[############............] companiesdb.companies	967MB/1.86GB (50.7%)
2026-09-07T20:14:01.896+0000	[############............] companiesdb.companies	986MB/1.86GB (51.7%)
2026-09-07T20:14:04.897+0000	[############............] companiesdb.companies	1003MB/1.86GB (52.6%)
2026-09-07T20:14:07.896+0000	[############............] companiesdb.companies	1017MB/1.86GB (53.3%)
2026-09-07T20:14:10.894+0000	[############............] companiesdb.companies	1.01GB/1.86GB (54.0%)
2026-09-07T20:14:13.894+0000	[#############...........] companiesdb.companies	1.02GB/1.86GB (54.8%)
2026-09-07T20:14:16.894+0000	[#############...........] companiesdb.companies	1.04GB/1.86GB (55.6%)
2026-09-07T20:14:19.894+0000	[#############...........] companiesdb.companies	1.05GB/1.86GB (56.4%)
2026-09-07T20:14:22.894+0000	[#############...........] companiesdb.companies	1.07GB/1.86GB (57.3%)
2026-09-07T20:14:25.894+0000	[#############...........] companiesdb.companies	1.08GB/1.86GB (58.2%)
2026-09-07T20:14:28.895+0000	[##############..........] companiesdb.companies	1.10GB/1.86GB (58.9%)
2026-09-07T20:14:31.894+0000	[##############..........] companiesdb.companies	1.11GB/1.86GB (59.7%)
2026-09-07T20:14:34.894+0000	[##############..........] companiesdb.companies	1.13GB/1.86GB (60.7%)
2026-09-07T20:14:37.894+0000	[##############..........] companiesdb.companies	1.14GB/1.86GB (61.4%)
2026-09-07T20:14:40.892+0000	[##############..........] companiesdb.companies	1.16GB/1.86GB (62.2%)
2026-09-07T20:14:43.893+0000	[###############.........] companiesdb.companies	1.17GB/1.86GB (62.9%)
2026-09-07T20:14:46.892+0000	[###############.........] companiesdb.companies	1.18GB/1.86GB (63.6%)
2026-09-07T20:14:49.893+0000	[###############.........] companiesdb.companies	1.20GB/1.86GB (64.3%)
2026-09-07T20:14:52.892+0000	[###############.........] companiesdb.companies	1.21GB/1.86GB (64.9%)
2026-09-07T20:14:55.892+0000	[###############.........] companiesdb.companies	1.22GB/1.86GB (65.7%)
2026-09-07T20:14:58.892+0000	[###############.........] companiesdb.companies	1.24GB/1.86GB (66.3%)
2026-09-07T20:15:01.892+0000	[################........] companiesdb.companies	1.24GB/1.86GB (66.7%)
2026-09-07T20:15:04.893+0000	[################........] companiesdb.companies	1.26GB/1.86GB (67.5%)
2026-09-07T20:15:07.893+0000	[################........] companiesdb.companies	1.27GB/1.86GB (68.3%)
2026-09-07T20:15:10.890+0000	[################........] companiesdb.companies	1.29GB/1.86GB (69.0%)
2026-09-07T20:15:13.890+0000	[################........] companiesdb.companies	1.31GB/1.86GB (70.0%)
2026-09-07T20:15:16.890+0000	[################........] companiesdb.companies	1.32GB/1.86GB (70.8%)
2026-09-07T20:15:19.890+0000	[#################.......] companiesdb.companies	1.33GB/1.86GB (71.5%)
2026-09-07T20:15:22.890+0000	[#################.......] companiesdb.companies	1.35GB/1.86GB (72.3%)
2026-09-07T20:15:25.892+0000	[#################.......] companiesdb.companies	1.37GB/1.86GB (73.3%)
2026-09-07T20:15:28.890+0000	[#################.......] companiesdb.companies	1.38GB/1.86GB (74.3%)
2026-09-07T20:15:31.890+0000	[##################......] companiesdb.companies	1.40GB/1.86GB (75.4%)
2026-09-07T20:15:34.890+0000	[##################......] companiesdb.companies	1.42GB/1.86GB (76.4%)
2026-09-07T20:15:37.890+0000	[##################......] companiesdb.companies	1.44GB/1.86GB (77.2%)
2026-09-07T20:15:40.888+0000	[##################......] companiesdb.companies	1.45GB/1.86GB (78.0%)
2026-09-07T20:15:43.888+0000	[##################......] companiesdb.companies	1.47GB/1.86GB (78.8%)
2026-09-07T20:15:46.889+0000	[###################.....] companiesdb.companies	1.48GB/1.86GB (79.6%)
2026-09-07T20:15:49.888+0000	[###################.....] companiesdb.companies	1.50GB/1.86GB (80.5%)
2026-09-07T20:15:52.888+0000	[###################.....] companiesdb.companies	1.52GB/1.86GB (81.4%)
2026-09-07T20:15:55.888+0000	[###################.....] companiesdb.companies	1.54GB/1.86GB (82.4%)
2026-09-07T20:15:58.888+0000	[###################.....] companiesdb.companies	1.55GB/1.86GB (83.2%)
2026-09-07T20:16:01.888+0000	[####################....] companiesdb.companies	1.56GB/1.86GB (83.9%)
2026-09-07T20:16:04.888+0000	[####################....] companiesdb.companies	1.58GB/1.86GB (84.9%)
2026-09-07T20:16:07.888+0000	[####################....] companiesdb.companies	1.60GB/1.86GB (85.8%)
2026-09-07T20:16:10.886+0000	[####################....] companiesdb.companies	1.61GB/1.86GB (86.6%)
2026-09-07T20:16:13.886+0000	[#####################...] companiesdb.companies	1.63GB/1.86GB (87.5%)
2026-09-07T20:16:16.886+0000	[#####################...] companiesdb.companies	1.65GB/1.86GB (88.4%)
2026-09-07T20:16:19.886+0000	[#####################...] companiesdb.companies	1.66GB/1.86GB (89.3%)
2026-09-07T20:16:22.886+0000	[#####################...] companiesdb.companies	1.68GB/1.86GB (90.3%)
2026-09-07T20:16:25.886+0000	[#####################...] companiesdb.companies	1.70GB/1.86GB (91.3%)
2026-09-07T20:16:28.886+0000	[######################..] companiesdb.companies	1.72GB/1.86GB (92.2%)
2026-09-07T20:16:31.887+0000	[######################..] companiesdb.companies	1.73GB/1.86GB (93.0%)
2026-09-07T20:16:34.886+0000	[######################..] companiesdb.companies	1.75GB/1.86GB (93.7%)
2026-09-07T20:16:37.886+0000	[######################..] companiesdb.companies	1.76GB/1.86GB (94.3%)
2026-09-07T20:16:40.884+0000	[######################..] companiesdb.companies	1.77GB/1.86GB (95.2%)
2026-09-07T20:16:43.884+0000	[#######################.] companiesdb.companies	1.79GB/1.86GB (96.2%)
2026-09-07T20:16:46.883+0000	[#######################.] companiesdb.companies	1.81GB/1.86GB (97.0%)
2026-09-07T20:16:49.883+0000	[#######################.] companiesdb.companies	1.83GB/1.86GB (98.0%)
2026-09-07T20:16:52.883+0000	[#######################.] companiesdb.companies	1.84GB/1.86GB (99.0%)
2026-09-07T20:16:55.883+0000	[#######################.] companiesdb.companies	1.86GB/1.86GB (99.9%)
2026-09-07T20:16:56.420+0000	[########################] companiesdb.companies	1.86GB/1.86GB (100.0%)
2026-09-07T20:16:56.421+0000	0 document(s) imported successfully. 0 document(s) failed to import.
